Performing C SOURCE FILE Test CMAKE_HAVE_LIBC_PTHREAD failed with the following output:
Change Dir: /home/iclab/Documents/teco_ws/src/build/CMakeFiles/CMakeTmp

Run Build Command(s):/usr/bin/ninja cmTC_30259 && [1/2] Building C object CMakeFiles/cmTC_30259.dir/src.c.o
[2/2] Linking C executable cmTC_30259
FAILED: cmTC_30259 
: && /usr/bin/x86_64-linux-gnu-gcc-4.8  -rdynamic CMakeFiles/cmTC_30259.dir/src.c.o -o cmTC_30259   && :
CMakeFiles/cmTC_30259.dir/src.c.o: In function `main':
src.c:(.text+0x2d): undefined reference to `pthread_create'
src.c:(.text+0x39): undefined reference to `pthread_detach'
src.c:(.text+0x45): undefined reference to `pthread_cancel'
src.c:(.text+0x56): undefined reference to `pthread_join'
src.c:(.text+0x6a): undefined reference to `pthread_atfork'
collect2: error: ld returned 1 exit status
ninja: build stopped: subcommand failed.


Source file was:
#include <pthread.h>

static void* test_func(void* data)
{
  return data;
}

int main(void)
{
  pthread_t thread;
  pthread_create(&thread, NULL, test_func, NULL);
  pthread_detach(thread);
  pthread_cancel(thread);
  pthread_join(thread, NULL);
  pthread_atfork(NULL, NULL, NULL);
  pthread_exit(NULL);

  return 0;
}

Determining if the function pthread_create exists in the pthreads failed with the following output:
Change Dir: /home/iclab/Documents/teco_ws/src/build/CMakeFiles/CMakeTmp

Run Build Command(s):/usr/bin/ninja cmTC_f956a && [1/2] Building C object CMakeFiles/cmTC_f956a.dir/CheckFunctionExists.c.o
[2/2] Linking C executable cmTC_f956a
FAILED: cmTC_f956a 
: && /usr/bin/x86_64-linux-gnu-gcc-4.8 -DCHECK_FUNCTION_EXISTS=pthread_create -rdynamic CMakeFiles/cmTC_f956a.dir/CheckFunctionExists.c.o -o cmTC_f956a  -lpthreads && :
/usr/bin/ld: cannot find -lpthreads
collect2: error: ld returned 1 exit status
ninja: build stopped: subcommand failed.



